##- please type your reply above this line -##

[http://example.com/]

DEAR JOHN DOE,
Thank you for contacting us. This is an automated response confirming
the receipt of your ticket. One of our agents will get back to you as
soon as possible.

Ticket ID: AAA-123-45678
Subject: Test Ticket
Department: Customer Care Department
Status: Open
Priority: High
Details:
_message 3_
You can check the status of reply to this ticket online at:
http://example.com/helpdesk/ticket/external/id/abcdef/

Thank you again,
MAIN WEBSITE STORE

Message-Id:--#AAA-123-45678--