[http://localhost/]

##- please type your reply above this line -##

Some message

You can check the status of reply to this ticket online at:
http://localhost/helpdesk/ticket/external/id/a975606afcef8e12f24d1b599f0e5544/


PLEASE TAKE A SECOND TO RATE MY REPLY...
[http://localhost/helpdesk/satisfaction/rate/rate/3/uid/d85ee6f54a198423ac5e4db727e1f735/]


AWESOME [3]

Fast, friendly, helpful, pleasant. Great job!
[http://localhost/helpdesk/satisfaction/rate/rate/2/uid/d85ee6f54a198423ac5e4db727e1f735/]


JUST OKAY [5]

Fine, but definitely could have been better.
[http://localhost/helpdesk/satisfaction/rate/rate/1/uid/d85ee6f54a198423ac5e4db727e1f735/]


NOT GOOD [7]

Unfortunately, I wasn't happy with it at all.

Message-Id:--#XQS-244-30031--

About Us [8]

Customer Service [9]

, ,