##- please type your reply above this line -##

[http://example.com/]

message 3
You can check the status of reply to this ticket online at:
http://example.com/helpdesk/ticket/external/id/abcdef/

PLEASE TAKE A SECOND TO RATE MY REPLY...
[http://example.com/helpdesk/satisfaction/rate/rate/3/]

AWESOME [3]

Fast, friendly, helpful, pleasant. Great job!
[http://example.com/helpdesk/satisfaction/rate/rate/2/]

JUST OKAY [5]

Fine, but definitely could have been better.
[http://example.com/helpdesk/satisfaction/rate/rate/1/]

NOT GOOD [7]

Unfortunately, I wasn't happy with it at all.

TICKET HISTORY

_ Mike Peterson | Jan 22, 2014 _
message 2

_ John Doe | Jan 21, 2014 _
message 1

Message-Id:--#AAA-123-45678--