##- please type your reply above this line -##

[http://example.com/]

Test Ticket
------------------------------

Ticket ID: AAA-123-45678
Name: John Doe
Email address: bob@example.com
Store: Main Website Store
Department: Customer Care Department
Staff (Owner): Mike Peterson
Status: Open
Priority: High
Created: October 15, 2013 4:15:55 AM PDT
Updated: October 16, 2013 5:14:44 AM PDT

message 3

TICKET HISTORY

_ Mike Peterson | Jan 22, 2014 _
message 2

_ John Doe | Jan 21, 2014 _
message 1

Message-Id:--#AAA-123-45678--