<font face="Verdana, Arial, Helvetica" size="2">Mirasvit Extensions Store,<br />
<br />

Thank you for contacting us. This is an automated response confirming the receipt of your ticket. One of our agents will get back to you as soon as possible. For your records, the details of the ticket are listed below. When replying, please make sure that the ticket ID is kept in the subject line to ensure that your replies are tracked appropriately.<br />


<br />
&nbsp;&nbsp;&nbsp;<b>Ticket ID: </b>IVQ-941-79666<br />
&nbsp;&nbsp;&nbsp;<b>Subject: </b>(no subject)<br />
&nbsp;&nbsp;&nbsp;<b>Department: </b>General<br />
&nbsp;&nbsp;&nbsp;<b>Type: </b>General<br />
&nbsp;&nbsp;&nbsp;<b>Status: </b>Open<br />
&nbsp;&nbsp;&nbsp;<b>Priority: </b>Normal<br />
<br />
You can check the status of or reply to this ticket online at: <a href="http://support.mirasvit.com/Tickets/Ticket/View/IVQ-941-79666" target="_blank">http://support.mirasvit.com/Tickets/Ticket/View/IVQ-941-79666</a><br />
<br />
Kind regards,<br />
<br />
Mirasvit<br /><br />
<HR style="margin-bottom: 6px; height: 1px; BORDER: none; color: #cfcfcf; background-color: #cfcfcf;" />
Support Center: <a href="http://support.mirasvit.com" target="_blank">http://support.mirasvit.com</a><br />
</font>