[http://localhost/]

##- please type your reply above this line -##

Some ticket
------------------------------

Ticket ID: XQS-244-30031
Name: John Smith
Email address: customer@example.com
Store: Main Website Store
Department: Sales
Staff (Owner): -- Unassigned --
Status: Open
Priority: Low
Created: July 3, 2015 12:00 AM

Some message

Message-Id:--#XQS-244-30031--

Thank you, Main Website Store!