[http://localhost/]

##- please type your reply above this line -##

Dear John Smith,

Thank you for contacting us!

This is an automated response confirming the receipt of your ticket.
One of our agents will get back to you as soon as possible.

* TICKET ID: XQS-244-30031
* SUBJECT: Some ticket
* DEPARTMENT: Sales
* STATUS: Open
* PRIORITY: Low

Details:
_Some message_

You can check the status of reply to this ticket online at:
http://localhost/helpdesk/ticket/external/id/a975606afcef8e12f24d1b599f0e5544/


Message-Id:--#XQS-244-30031--

Thank you, Main Website Store!