[http://localhost/]

##- please type your reply above this line -##

Dear ,

rated your help with smile

Some ticket
------------------------------
Ticket ID: XQS-244-30031
Customer email: customer@example.com

About Us [2]

Customer Service [3]

, ,
