string string<br />
<br />
string string<br />
<br />
&lt; <a href="http://www.selecteproducts.com/&" target="_blank">http://www.selecteproducts.com/&</a> &gt;

<https://complimentmedia.basecamphq.com/comments>